  📂 VAULT_ROOT configurada a: /Users/ismaelgarciafernandez/Library/CloudStorage/OneDrive-UNED/Gnosi

⚡ Pre-escanejant títols per resoldre relacions...
    [!] Error querying database 102268e527148024858ef1467de2a9ba: {"object":"error","status":400,"code":"validation_error","message":"Provided ID 102268e5-2714-8024-858e-f1467de2a9ba is a page, not a database. Use the retrieve page API instead","request_id":"f6f4fb96-3e34-4aa5-89a3-bc77770df270"}
    [!] Error querying database 8c80f2a861b843b790da4f0e260b7db9: {"object":"error","status":404,"code":"object_not_found","message":"Could not find database with ID: 8c80f2a8-61b8-43b7-90da-4f0e260b7db9. Make sure the relevant pages and databases are shared with your integration \"Antigravity\".","additional_data":{"integration_id":"337268e5-2714-815c-924d-00279dc13772"},"request_id":"94887816-fd7f-415c-b6b0-0654265b2dce"}
    [!] Error querying database 9fa13965699b4087ae792fb8d3660589: {"object":"error","status":400,"code":"validation_error","message":"Provided ID 9fa13965-699b-4087-ae79-2fb8d3660589 is a page, not a database. Use the retrieve page API instead","request_id":"ab39096e-c1ce-4a6c-ba77-32b32423f9ec"}
   ✅ Trobats 1151 títols.

==================================================
Abocant: Bitacora (1ef268e527148046a7bcdc6a5d555eb7)
==================================================
  📍 Destí: /Users/ismaelgarciafernandez/Library/CloudStorage/OneDrive-UNED/Gnosi/BD/Cervell Digital/Bitacora
  Trobades 77 pàgines.
  [1/77] Relat històric introspectiu
  [2/77] Definición de mi identidad y personalidad (any 2010 -curs “Semillas de felicidad”)
  [3/77] Soledat - testimonio introspectivo (any 2021)
  [4/77] Trabajo personal des de la comunicación no violenta (any 2014)
  [5/77] Procés de discerniment de la relació amb la Naoual (anys 2024-2025)
  [6/77] Reflexió sobre la meva experiència espiritual (any 2021)
  [7/77] Mapa mental d’aprenentatges
  [8/77] Em pregunto si soc cristià - PPF - Sunday (2024)
  [9/77] Solitud de dissabte a la nit - taller d’escriptura terapeútica
  [10/77] Ficció - límits i compassió
  [11/77] Retalls de vida per reviure
  [12/77] Taizè - Diari d’una experiència de connexió
  [13/77] Mots d’un silenci
  [14/77] Amor lliberardor (2017)
  [15/77] Conte “Pirates” (2014)
  [16/77] Carta de despedida al abuelo (2014)
  [17/77] Poema “Cinc elements” (2014)
  [18/77] Historia d’amor (2014)
  [19/77] Carta a la soletat - una cerca d’intimitat y reconciliació
