  📂 VAULT_ROOT configurada a: /Users/ismaelgarciafernandez/Library/CloudStorage/OneDrive-UNED/Gnosi

⚡ Pre-escanejant títols per resoldre relacions...
    [!] Error querying database 102268e527148024858ef1467de2a9ba: {"object":"error","status":400,"code":"validation_error","message":"Provided ID 102268e5-2714-8024-858e-f1467de2a9ba is a page, not a database. Use the retrieve page API instead","request_id":"a6bb60ff-db0d-4be4-ba41-678dbba19cd2"}
    [!] Error querying database 8c80f2a861b843b790da4f0e260b7db9: {"object":"error","status":404,"code":"object_not_found","message":"Could not find database with ID: 8c80f2a8-61b8-43b7-90da-4f0e260b7db9. Make sure the relevant pages and databases are shared with your integration \"Antigravity\".","additional_data":{"integration_id":"337268e5-2714-815c-924d-00279dc13772"},"request_id":"e9a07d10-b2e8-42f9-8337-144a8b6dee8b"}
    [!] Error querying database 9fa13965699b4087ae792fb8d3660589: {"object":"error","status":400,"code":"validation_error","message":"Provided ID 9fa13965-699b-4087-ae79-2fb8d3660589 is a page, not a database. Use the retrieve page API instead","request_id":"39dda47a-fd51-48d6-a7ac-36bbea1bd0da"}
   ✅ Trobats 1151 títols.

==================================================
Abocant: Cervell (431979bd26aa429190b1d728935006af)
==================================================
  📍 Destí: /Users/ismaelgarciafernandez/Library/CloudStorage/OneDrive-UNED/Gnosi/BD/Cervell Digital/Cervell
  Trobades 276 pàgines.
  [1/276] Què és una tesis doctoral
  [2/276] I si Deu no fos perfecte?
  [3/276] La génesis del psicoanálisis en su contexto académico, clínico y social
  [4/276] Evolució històrica de la investigació científica
  [5/276] Curs biblioteca
  [6/276] El meu telos i vocació personal
  [7/276] Amistad
  [8/276] Mantra 1
  [9/276] Cerca de material
  [10/276] Tesaures
  [11/276] Encontrar respuestas mediante la escritura
  [12/276] Comunitats acollidores i missioneres
  [13/276] Triangle de l'amor de Robert Sternberg
  [14/276] La meva identitat
  [15/276] Estrategias relacionales.
  [16/276] Principios, valores y virtudes
  [17/276] De single a LP
  [18/276] Triangle dramàtic i triangle guanyador
  [19/276] Definición de amor
  [20/276] Sobre la amistad
  [21/276] Què és filosofía
  [22/276] Variaciones sobre la argumentación en filosofia
  [23/276] Teoría de la argumentación según Vega
  [24/276] El campo de la argumentación
  [25/276] Dónde y cómo encontrar argumentos
  [26/276] ¿Qué es una falacia?
  [27/276] Argumento / Argumentación
  [28/276] ¿Qué es una buena argumentación?
  [29/276] ¿Por qué argumentar bien si se trata de argumentar?
  [30/276] Detección de Argumentos en la Teoría de la Argumentación
  [31/276] Lógica Informal y su Impacto en la Evaluación de Argumentos
  [32/276] La estructura de los argumentos según Toulmin
  [33/276] Contraargumentación
  [34/276] Argumentos trascendentales y su Aplicación en Filosofía
  [35/276] Razonamientos filosóficos
  [36/276] Falacias
  [37/276] La fauna de las falacias y su resistencia a las clasificaciones
  [38/276] Una brújula para orientarnos por el terreno de las falacias
  [39/276] Razones coorientadas
  [40/276] Por qué hemos de interesarnos hoy por las falacias
  [41/276] Falacias y su Análisis en la Lógica Informal
  [42/276] Argumento y argumentación 
  [43/276] Narratividad del dolor
  [44/276] Historia del dolor
  [45/276] Post-scriptum (del dolor)
  [46/276] Sobre la dificultad de amar
  [47/276] Enamorarse y desenamorarse
  [48/276] La unión desmantelada
  [49/276] Fuera y dentro de la caja de herramientas de la sociabilidad
  [50/276] Amor líquido: A cerca de la fragilidad de los vínculos humanos.
  [51/276] Hiperemotividad e integración emoción-razón
  [52/276] La intrusión de Gaia
  [53/276] Acontecimientos OGM
  [54/276] Una historia de tres ladrones
  [55/276] Enclosures
  [56/276] Entre dos historias en tiempos de catástrofes
  [57/276] Prestar atención en tiempos de catástrofes
  [58/276] La época ha cambiado en tiempos de catástrofes
  [59/276] Capitalismo
  [60/276] Causas comunes en tiempos de catástrofe
  [61/276] Artificios en tiempos de catástrofes
  [62/276] En tiempos de catástrofe
  [63/276] Temor a una regresión en tiempos de catástrofes
  [64/276] El tercer hilo 
  [65/276] El segundo hilo 
  [66/276] Honrar en tiempos de catástrofes
  [67/276] El primer hilo 
  [68/276] Empezar después del final
  [69/276] Operadores en tiempos de catástrofes
  [70/276] Terminar antes del principio
  [71/276] Necedad en tiempos de catástrofes
  [72/276] Aprender en tiempos de catástrofes
  [73/276] Puede ser peligroso en tiempos de catástrofes
  [74/276] Ecologia oscura
  [75/276] Com es fa una tesis
  [76/276] Cultura para la paz
  [77/276] La ética del cuidado en sociedades globalizadas: hacia una ciudadania cosmopolita
  [78/276] La ética protestante y el espiritu del capitalismo
  [79/276] Introducción del editor Francisco Gil Villegas
  [80/276] Los fundamentos religiosos del ascetismo intramundano
  [81/276] Un problema en la historia del liberalismo
  [82/276] Cuarta respuesta de Marx Weber a mis criterios
  [83/276] Religiosidad de los virtuosos y vida cotidiana
  [84/276] Ascetismo negador del mundo y ascetismo intramunado
  [85/276] Tercera respuesta de Marx Weber a Felix Rachfahl
  [86/276] Conducta de católicos, judíos y puritanos respecto a la vida lucrativa
  [87/276] Las sextas protestantes y el espíritu del capitalismo
  [88/276] Segunda respuesta de Marx Weber a Karls Fisher
  [89/276] La salvación por gracia de la predestinación
  [90/276] Cuarta respuesta de Marx Weber a Karls Fisher
  [91/276] La relación entre la ascesis y el espíritu capitalista
  [92/276] Cuarta respuesta de Max Weber a Felix Rachfahl
  [93/276] Primera respuesta de Marx Weber a Karls Fisher
  [94/276] Religiones de humanidad (I): Auguste Comte, J. S. Mill
  [95/276] Emociones políticas
  [96/276] Religiones de humanidad (II): Rabindranath Tagore
  [97/276] La compasión humana y animal
  [98/276] La sociedad aspiracional: Igualdad, inclusión, distribución
  [99/276] La igualdad y el amor: Rosseau, Herder, Mozard
  [100/276] El arte liberal de gobernar y la política internacional
  [101/276] Cuestiones metodológicas y el marco del curso
  [102/276] Neoliberalismo: Ordoliberalismo alemán y neoliberalismo estadounidense
  [103/276] El liberalismo como nuevo arte de gobernar
  [104/276] El neoliberalismo alemán y la transformación del Estado
  [105/276] Neoliberalismo y la crítica a la teoría del Estado
  [106/276] Neoliberalismo y sociedad civil
  [107/276] Crisis del liberalismo y transformación de la gubernamentalidad
  [108/276] Neoliberalismo, política penal y biopolítica
  [109/276] Tiempos líquidos. Vivir en la incertidumbre
  [110/276] Introducción a Tras la virtud y su contexto filosófico
  [111/276] La humanidad en movimiento
  [112/276] Tras la virtud
  [113/276] Crítica de MacIntyre al proyecto ilustrado en ética
  [114/276] Crítica al emotivismo moral
  [115/276] Problemes de l’êtica: Ética política, DDHH, cosmopolisme
  [116/276] La tradición como marco necesario para la moralidad
  [117/276] La racionalidad en la ética de las virtudes y su contraste con la modernidad
  [118/276] La falta de coherencia en la ética moderna y sus consecuencias
  [119/276] La ética de las virtudes como alternativa al contractualismo de Hobbes, Kant y Rawls
  [120/276] El rechazo de MacIntyre al liberalismo y la crisis del individualismo moderno
  [121/276] La distinción entre bienes internos y bienes externos en la ética de MacIntyre
  [122/276] La recuperación de la tradición aristotélico-tomista en Tras la virtud
  [123/276] La importancia de la educación en la formación del carácter moral
  [124/276] La importancia de la narración en la formación de al identidad moral
  [125/276] La necesidad de un "nuevo San Benito" para reconstruir la moralidad
  [126/276] La necesidad de un enfoque histórico en la ética
  [127/276] La importancia de la narración en la construcción de la identidad moral
  [128/276] La justicia en la modernidad y su incompatibilidad con la ética de las virtudes
  [129/276] La relación entre la ética de las virtudes y la tradición religiosa
  [130/276] La burocracia como amenaza a la ética de las virtudes
  [131/276] Modelos históricos de comunidades con una ética basada en las virtudes
  [132/276] La relevancia práctica de la ética de las virtudes en el día a día
  [133/276] MacIntyre y su conexión con el comunitarismo contemporáneo
  [134/276] Cómo el poder ha reemplazado a la moralidad en la sociedad contemporánea
  [135/276] Cómo la crisis del lenguaje moral refleja la crisis ética contemporánea
  [136/276] El enfoque de MacIntyre entre la descripción histórica y la propuesta normativa
  [137/276] La relación entre la ética de las virtudes y la tradición religiosa
  [138/276] La diferencia entre una ética basada en reglas y una ética basada en virtudes
  [139/276] Manual per buscar rutes pedalables
  [140/276] Mandalas, modelos mentales, mapas mentales y mapas conceptuales
  [141/276] La alianza y la relación, las metas, alternativas y recursos
  [142/276] Método de coaching BORTOA
  [143/276] Estrés, autoestima y gestión de conflictos
  [144/276] La comunicación y el coaching
  [145/276] Marketing y comercialización del coaching
  [146/276] Talento en las organizaciones II
  [147/276] PNL y coaching
  [148/276] Experiencias de éxito del profesional del coaching
  [149/276] Valores y competencias  de AECOP Y ICF
  [150/276] Self-coaching y fijación de metas
  [151/276] Modelos de contrato, procesos de gestión del tiempo y feedback
  [152/276] Postgrau de Coaching presonal i executiu
  [153/276] El coaching en el ámbito empresarial. Telefónica
  [154/276] Mayéutica y coaching, y inteligencia emocional
  [155/276] Intervisión grupal
  [156/276] La perspectiva somática y el coaching, y la psicología como complemento
  [157/276] Guia d’accessibilitat web
  [158/276] Cóm començar la investigació
  [159/276] Tipus i branques de la filosofia
  [160/276] Religió i projecció
  [161/276] Pla de treball de la tesis
  [162/276] Solidaritat responsable
  [163/276] Necessitat del relativisme en les religions
  [164/276] 🚀 MOC: Emprenedoria
  [165/276] ✍️ MOC: Escritura acedèmica, creativa y terapéutica
  [166/276] 🎯 MOC: Relaciones
  [167/276] 📚 MOC: Filosofia i espiritualitat
  [168/276] 🏠 MOC Principal - Cervell Digital
  [169/276] 💻 MOC: Tecnologia i disseny 3D
  [170/276] ✍️ MOC: Escritura acedèmica, creativa y terapéutica
  [171/276] 🎲 MOC: Oci
  [172/276] 🧘 MOC: (Auto)cura i cultiu interior
  [173/276] 🌍 MOC: Cooperación internacional, cultura de paz y activismo
  [174/276] 🙏 MOC: Religión y espiritualidad
  [175/276] 🤝 MOC: Acompanyament i lideratge
  [176/276] 💚 MOC: (Auto)cura i cultiu interior
  [177/276] 🍽️ MOC: Alimentació
  [178/276] 📋 MOC: Pla de futur i cures
  [179/276] 🌍 MOC: Cooperación internacional, cultura de paz y activismo
  [180/276] 🤝 MOC: Acompañamiento y liderazgo
  [181/276] Dimensions del nacionalisme
  [182/276] Nota de lectura (Cornell)
  [183/276] En primera persona: Transitar fronteres
  [184/276] MOC TFM - Filosofia de las relaciones humanas
  [185/276] Neoliberalisme, subjectivitat neoliberal i governança
  [186/276] Fenomenología: superació de la dicotomía entre raó teòrica i pràctica
  [187/276] Fenomenología y cultura de paz
  [188/276] La tradició liberal i els socialismes
  [189/276] En el neoliberalisme l’estat regula la competència
  [190/276] Construcció neoliberal de l’estat i el subjecte
  [191/276]  Racionalitat política i governança en el neoliberalisme
  [192/276] L'homo oeconomicus a derrocat a l’homo políticus
  [193/276] La fàbrica del subjecte neoliberal
  [194/276] L'esgotament de la democràcia liberal
  [195/276] El naixement del neoliberalisme
  [196/276] L'ordoliberalisme entre «política econòmica» i «política de societat»
  [197/276] L'home empresarial
  [198/276] El neoliberalisme com a racionalitat global i sistema normatiu
  [199/276] El govern empresarial
  [200/276] Sociedades disciplinarias (vigilar y castigar)
  [201/276] Paraules clau
  [202/276] Actualitat i crisis de la ciudadania
  [203/276] Los sofistas y sócrates: Las primeras preguntas
  [204/276] Qué  es la fenomenología
  [205/276] El método fenomenológico
  [206/276] Crist obstacle al diàleg interreligiós.
  [207/276] Relació entre relatiu, verdader i absolut
  [208/276] Ciutat i ciutadania
  [209/276] Cerca i recuperació d'informació
  [210/276] Filosofia teòrica i pràctica
  [211/276] Sociedades del conocimiento (el post control)
  [212/276] Hobbes: La ética del miedo
  [213/276] Indicadors biomètrics
  [214/276] Función de la filosofía
  [215/276] Dimensions dels nous moviments socials i qüestions ecològiques
  [216/276] Motiu real de la masacre a Palestina
  [217/276] Possibilitats de coneixement
  [218/276] Plantejament de la investigació
  [219/276] Ideas sobre la función de la filosofia
  [220/276] Fronteres de l’Ètica: Ètica i religió
  [221/276] Gestors bibliogràfics
  [222/276] Misteri vs problema enigma
  [223/276] Diferència entre absolut i universal
  [224/276] A vueltas con la religión
  [225/276] Perspectivisme
  [226/276] Afectividad
  [227/276] Percepción
  [228/276] Què és la cientifitat
  [229/276] El renacimiento: La invención del sujeto
  [230/276] La fenomenología de Husserl
  [231/276] Ética helenista: ¿Cómo hay que vivir?
  [232/276]  La importància de la consciència en el procés de decisió.
  [233/276] Sociedades soberanas
  [234/276] Aristóteles: La vida buena
  [235/276] El Reto del islam
  [236/276] Feminisme com a projecte filosófic-polític
  [237/276] Platón, la ciudad justa
  [238/276] Avaluació de la  informació
  [239/276] La fenomenología como estilo de pensamiento
  [240/276] Afinitat relativisme-religions
  [241/276] Introducción a la fenomenología
  [242/276] História comparada de las religiones
  [243/276] Problemes de l’Ètica: Lo just, lo bó, la virtut
  [244/276] Verdad y perspectiva
  [245/276] Deu misteri o problema
  [246/276] Dues tradicions del mal
  [247/276] La tarea de la filosofia
  [248/276] Definició de filosofia
  [249/276] La reducción intersubjetiva
  [250/276] Redacció de la tesis
  [251/276] A favor de la teodicea
  [252/276] Gestió d'informació
  [253/276] Teologia de la pregunta
  [254/276] Paradigmes de l’Ètica: L’Ètica grega: Aristòtils
  [255/276] Religió i ideologia
  [256/276] L’àmbit de la moralitat: ètica i moral
  [257/276] Fenomenología de la religión
  [258/276] Índex de notes per l’Assignatura d’Ètica
  [259/276] Control, poder, dominio y obediencia
  [260/276] Problemes de l’êtica: Ètica, utopia
  [261/276] Fonts d’informació
  [262/276] Filosofía y ciencias de la religión
  [263/276] Sociedades de control
